NOTICE:  Booting Trusted Firmware
NOTICE:  BL1: v2.3():v2.3
NOTICE:  BL1: Built : 23:17:44, Jan 18 2021
WARNING: Firmware Image Package header check failed.
NOTICE:  BL1: Booting BL2
NOTICE:  BL2: v2.3():v2.3
NOTICE:  BL2: Built : 23:17:46, Jan 18 2021
WARNING: Firmware Image Package header check failed.
WARNING: Firmware Image Package header check failed.
WARNING: Firmware Image Package header check failed.
WARNING: Firmware Image Package header check failed.
NOTICE:  BL1: Booting BL31
NOTICE:  BL31: v2.3():v2.3
NOTICE:  BL31: Built : 23:17:49, Jan 18 2021
UEFI firmware (version  built at 00:32:31 on Dec 31 2020)
pflash_write: Write to buffer emulation is flawed
pflash_write: Write to buffer emulation is flawed
[2J[01;01H[=3h[2J[01;01H[2J[01;01H[=3h[2J[01;01H[2J[01;01H[=3h[2J[01;01H[0m[35m[40m[0m[37m[40mEFI stub: Booting Linux Kernel...
EFI stub: EFI_RNG_PROTOCOL unavailable, no randomness supplied
EFI stub: Using DTB from configuration table
EFI stub: Loaded initrd from command line option
EFI stub: Exiting boot services and installing virtual address map...
[    0.000000] Booting Linux on physical CPU 0x0000000000 [0x411fd070]
[    0.000000] Linux version 5.9.0 (zhuangyuan@xlab-node24) (aarch64-linux-gnu-gcc (GNU Toolchain for the A-profile Architecture 9.2-2019.12 (arm-9.10)) 9.2.1 20191025, GNU ld (GNU Toolchain for the A-profile Architecture 9.2-2019.12 (arm-9.10)) 2.33.1.20191209) #1 SMP PREEMPT Thu Dec 31 00:42:35 PST 2020
[    0.000000] Machine model: linux,dummy-virt
[    0.000000] printk: debug: skip boot console de-registration.
[    0.000000] efi: EFI v2.70 by EDK II
[    0.000000] efi: SMBIOS=0x81610000 SMBIOS 3.0=0x815f0000 MEMATTR=0x8068e418 MEMRESERVE=0x7e233f18 
[    0.000000] cma: Reserved 32 MiB at 0x000000007e400000
[    0.000000] NUMA: No NUMA configuration found
[    0.000000] NUMA: Faking a node at [mem 0x0000000040000000-0x00000000820fffff]
[    0.000000] NUMA: NODE_DATA [mem 0x81ee9100-0x81eeafff]
[    0.000000] Zone ranges:
[    0.000000]   DMA      [mem 0x0000000040000000-0x000000007fffffff]
[    0.000000]   DMA32    [mem 0x0000000080000000-0x00000000820fffff]
[    0.000000]   Normal   empty
[    0.000000] Movable zone start for each node
[    0.000000] Early memory node ranges
[    0.000000]   node   0: [mem 0x0000000040000000-0x0000000041ffffff]
[    0.000000]   node   0: [mem 0x0000000042200000-0x000000007df2ffff]
[    0.000000]   node   0: [mem 0x000000007df30000-0x000000007e22ffff]
[    0.000000]   node   0: [mem 0x000000007e230000-0x000000008150ffff]
[    0.000000]   node   0: [mem 0x0000000081510000-0x000000008159ffff]
[    0.000000]   node   0: [mem 0x00000000815a0000-0x00000000815bffff]
[    0.000000]   node   0: [mem 0x00000000815c0000-0x00000000816cffff]
[    0.000000]   node   0: [mem 0x00000000816d0000-0x00000000820fffff]
[    0.000000] Zeroed struct page in unavailable ranges: 672 pages
[    0.000000] Initmem setup node 0 [mem 0x0000000040000000-0x00000000820fffff]
[    0.000000] kasan: KernelAddressSanitizer initialized
[    0.000000] psci: probing for conduit method from DT.
[    0.000000] psci: PSCIv1.1 detected in firmware.
[    0.000000] psci: Using standard PSCI v0.2 function IDs
[    0.000000] psci: Trusted OS migration not required
[    0.000000] psci: SMC Calling Convention v1.2
[    0.000000] percpu: Embedded 30 pages/cpu s83160 r8192 d31528 u122880
[    0.000000] Detected PIPT I-cache on CPU0
[    0.000000] CPU features: detected: ARM erratum 832075
[    0.000000] CPU features: detected: ARM erratum 834220
[    0.000000] CPU features: detected: EL2 vector hardening
[    0.000000] CPU features: kernel page table isolation forced ON by KASLR
[    0.000000] CPU features: detected: Kernel page table isolation (KPTI)
[    0.000000] Speculative Store Bypass Disable mitigation not required
[    0.000000] CPU features: detected: ARM errata 1165522, 1319367, or 1530923
[    0.000000] Built 1 zonelists, mobility grouping on.  Total pages: 265852
[    0.000000] Policy zone: DMA32
[    0.000000] Kernel command line: console=ttyAMA0,38400 keep_bootcon root=/dev/vda2 initrd=initrd
[    0.000000] Dentry cache hash table entries: 262144 (order: 9, 2097152 bytes, linear)
[    0.000000] Inode-cache hash table entries: 131072 (order: 8, 1048576 bytes, linear)
[    0.000000] mem auto-init: stack:off, heap alloc:off, heap free:off
[    0.000000] software IO TLB: mapped [mem 0x6bae8000-0x6fae8000] (64MB)
[    0.000000] Memory: 713256K/1080320K available (20540K kernel code, 12828K rwdata, 14028K rodata, 18368K init, 8947K bss, 334296K reserved, 32768K cma-reserved)
[    0.000000] SLUB: HWalign=64, Order=0-3, MinObjects=0, CPUs=2, Nodes=1
[    0.000000] rcu: Preemptible hierarchical RCU implementation.
[    0.000000] rcu:     RCU event tracing is enabled.
[    0.000000] rcu:     RCU restricting CPUs from NR_CPUS=256 to nr_cpu_ids=2.
[    0.000000]  Trampoline variant of Tasks RCU enabled.
[    0.000000] rcu: RCU calculated value of scheduler-enlistment delay is 25 jiffies.
[    0.000000] rcu: Adjusting geometry for rcu_fanout_leaf=16, nr_cpu_ids=2
[    0.000000] NR_IRQS: 64, nr_irqs: 64, preallocated irqs: 0
[    0.000000] GICv2m: range[mem 0x08020000-0x08020fff], SPI[80:143]
[    0.000000] random: get_random_bytes called from start_kernel+0x1d0/0x38c with crng_init=0
[    0.000000] arch_timer: cp15 timer(s) running at 62.50MHz (virt).
[    0.000000] clocksource: arch_sys_counter: mask: 0xffffffffffffff max_cycles: 0x1cd42e208c, max_idle_ns: 881590405314 ns
[    0.000304] sched_clock: 56 bits at 62MHz, resolution 16ns, wraps every 4398046511096ns
[    0.015378] Console: colour dummy device 80x25
[    0.020293] Calibrating delay loop (skipped), value calculated using timer frequency.. 125.00 BogoMIPS (lpj=250000)
[    0.020607] pid_max: default: 32768 minimum: 301
[    0.024572] LSM: Security Framework initializing
[    0.028301] Mount-cache hash table entries: 4096 (order: 3, 32768 bytes, linear)
[    0.028511] Mountpoint-cache hash table entries: 4096 (order: 3, 32768 bytes, linear)
[    0.137508] rcu: Hierarchical SRCU implementation.
[    0.169798] Remapping and enabling EFI services.
[    0.178485] smp: Bringing up secondary CPUs ...
[    0.194000] Detected PIPT I-cache on CPU1
[    0.195953] CPU1: Booted secondary processor 0x0000000001 [0x411fd070]
[    0.204056] smp: Brought up 1 node, 2 CPUs
[    0.204271] SMP: Total of 2 processors activated.
[    0.204431] CPU features: detected: 32-bit EL0 Support
[    0.204622] CPU features: detected: CRC32 instructions
[    0.204756] CPU features: detected: 32-bit EL1 Support
[    0.330611] CPU: All CPU(s) started at EL1
[    0.331284] alternatives: patching kernel code
[    0.411522] devtmpfs: initialized
[    0.703919] KASLR enabled
[    0.720319] clocksource: jiffies: mask: 0xffffffff max_cycles: 0xffffffff, max_idle_ns: 7645041785100000 ns
[    0.720965] futex hash table entries: 512 (order: 3, 32768 bytes, linear)
[    0.747892] cma: CMA area reserved could not be activated
[    0.754492] pinctrl core: initialized pinctrl subsystem
[    0.828541] SMBIOS 3.0.0 present.
[    0.828998] DMI: QEMU QEMU Virtual Machine, BIOS 0.0.0 02/06/2015
[    0.865285] NET: Registered protocol family 16
[    0.883114] DMA: preallocated 128 KiB GFP_KERNEL pool for atomic allocations
[    0.884586] DMA: preallocated 128 KiB GFP_KERNEL|GFP_DMA pool for atomic allocations
[    0.885595] DMA: preallocated 128 KiB GFP_KERNEL|GFP_DMA32 pool for atomic allocations
[    0.887091] audit: initializing netlink subsys (disabled)
[    0.893099] audit: type=2000 audit(0.788:1): state=initialized audit_enabled=0 res=1
[    0.936048] thermal_sys: Registered thermal governor 'step_wise'
[    0.936157] thermal_sys: Registered thermal governor 'power_allocator'
[    0.945238] cpuidle: using governor menu
[    0.954534] hw-breakpoint: found 6 breakpoint and 4 watchpoint registers.
[    0.955956] ASID allocator initialised with 32768 entries
[    1.006605] Serial: AMBA PL011 UART driver
[    1.420529] 9000000.pl011: ttyAMA0 at MMIO 0x9000000 (irq = 38, base_baud = 0) is a PL011 rev1
[    1.458986] printk: console [ttyAMA0] enabled
[    1.995171] HugeTLB registered 1.00 GiB page size, pre-allocated 0 pages
[    1.995842] HugeTLB registered 32.0 MiB page size, pre-allocated 0 pages
[    1.996297] HugeTLB registered 2.00 MiB page size, pre-allocated 0 pages
[    1.996744] HugeTLB registered 64.0 KiB page size, pre-allocated 0 pages
[    2.043205] cryptd: max_cpu_qlen set to 1000
[    2.117873] ACPI: Interpreter disabled.
[    2.167847] iommu: Default domain type: Translated 
[    2.174874] vgaarb: loaded
[    2.199208] SCSI subsystem initialized
[    2.218167] usbcore: registered new interface driver usbfs
[    2.220747] usbcore: registered new interface driver hub
[    2.222966] usbcore: registered new device driver usb
[    2.244423] pps_core: LinuxPPS API ver. 1 registered
[    2.244813] pps_core: Software ver. 5.3.6 - Copyright 2005-2007 Rodolfo Giometti <giometti@linux.it>
[    2.246391] PTP clock support registered
[    2.251403] EDAC MC: Ver: 3.0.0
[    2.281770] Registered efivars operations
[    2.314268] FPGA manager framework
[    2.320781] Advanced Linux Sound Architecture Driver Initialized.
[    2.370733] clocksource: Switched to clocksource arch_sys_counter
[    2.385222] VFS: Disk quotas dquot_6.6.0
[    2.387065] VFS: Dquot-cache hash table entries: 512 (order 0, 4096 bytes)
[    2.399382] pnp: PnP ACPI: disabled
[    2.706257] NET: Registered protocol family 2
[    2.728711] tcp_listen_portaddr_hash hash table entries: 1024 (order: 2, 16384 bytes, linear)
[    2.730455] TCP established hash table entries: 16384 (order: 5, 131072 bytes, linear)
[    2.735062] TCP bind hash table entries: 16384 (order: 6, 262144 bytes, linear)
[    2.739283] TCP: Hash tables configured (established 16384 bind 16384)
[    2.744278] UDP hash table entries: 1024 (order: 3, 32768 bytes, linear)
[    2.746992] UDP-Lite hash table entries: 1024 (order: 3, 32768 bytes, linear)
[    2.754629] NET: Registered protocol family 1
[    2.773745] RPC: Registered named UNIX socket transport module.
[    2.774491] RPC: Registered udp transport module.
[    2.774831] RPC: Registered tcp transport module.
[    2.775166] RPC: Registered tcp NFSv4.1 backchannel transport module.
[    2.775821] PCI: CLS 0 bytes, default 64
[    2.788677] Unpacking initramfs...
[    8.358175] Freeing initrd memory: 5876K
[    8.377591] hw perfevents: enabled with armv8_pmuv3 PMU driver, 5 counters available
[    8.380334] kvm [1]: HYP mode not available
[    8.487932] Initialise system trusted keyrings
[    8.493748] workingset: timestamp_bits=44 max_order=18 bucket_order=0
[    8.921110] squashfs: version 4.0 (2009/01/31) Phillip Lougher
[    8.957558] NFS: Registering the id_resolver key type
[    8.959157] Key type id_resolver registered
[    8.959536] Key type id_legacy registered
[    8.964836] nfs4filelayout_init: NFSv4 File Layout Driver Registering...
[    8.970417] 9p: Installing v9fs 9p2000 file system support
[    9.044269] Key type asymmetric registered
[    9.044831] Asymmetric key parser 'x509' registered
[    9.047027] Block layer SCSI generic (bsg) driver version 0.4 loaded (major 245)
[    9.047765] io scheduler mq-deadline registered
[    9.048290] io scheduler kyber registered
[    9.287593] pl061_gpio 9030000.pl061: PL061 GPIO chip registered
[    9.331751] pci-host-generic 4010000000.pcie: host bridge /pcie@10000000 ranges:
[    9.334415] pci-host-generic 4010000000.pcie:       IO 0x003eff0000..0x003effffff -> 0x0000000000
[    9.336572] pci-host-generic 4010000000.pcie:      MEM 0x0010000000..0x003efeffff -> 0x0010000000
[    9.337493] pci-host-generic 4010000000.pcie:      MEM 0x8000000000..0xffffffffff -> 0x8000000000
[    9.341098] pci-host-generic 4010000000.pcie: ECAM at [mem 0x4010000000-0x401fffffff] for [bus 00-ff]
[    9.349180] pci-host-generic 4010000000.pcie: PCI host bridge to bus 0000:00
[    9.350586] pci_bus 0000:00: root bus resource [bus 00-ff]
[    9.351339] pci_bus 0000:00: root bus resource [io  0x0000-0xffff]
[    9.351941] pci_bus 0000:00: root bus resource [mem 0x10000000-0x3efeffff]
[    9.352560] pci_bus 0000:00: root bus resource [mem 0x8000000000-0xffffffffff]
[    9.357339] pci 0000:00:00.0: [1b36:0008] type 00 class 0x060000
[    9.434755] EINJ: ACPI disabled.
[    9.927016] Serial: 8250/16550 driver, 4 ports, IRQ sharing enabled
[   10.004100] SuperH (H)SCI(F) driver initialized
[   10.020268] msm_serial: driver initialized
[   10.089537] cacheinfo: Unable to detect cache hierarchy for CPU 0
[   10.377146] loop: module loaded
[   10.410758] megasas: 07.714.04.00-rc1
[   10.478110] physmap-flash 4000000.flash: physmap platform flash device: [mem 0x04000000-0x07ffffff]
[   10.482875] 4000000.flash: Found 2 x16 devices at 0x0 in 32-bit bank. Manufacturer ID 0x000000 Chip ID 0x000000
[   10.484990] Intel/Sharp Extended Query Table at 0x0031
[   10.487478] Using buffer write method
[   10.914060] libphy: Fixed MDIO Bus: probed
[   10.953576] tun: Universal TUN/TAP device driver, 1.6
[   11.020515] thunder_xcv, ver 1.0
[   11.023258] thunder_bgx, ver 1.0
[   11.025385] nicpf, ver 1.0
[   11.059650] hclge is initializing
[   11.060650] hns3: Hisilicon Ethernet Network Driver for Hip08 Family - version
[   11.061298] hns3: Copyright (c) 2017 Huawei Corporation.
[   11.063696] e1000: Intel(R) PRO/1000 Network Driver
[   11.064065] e1000: Copyright (c) 1999-2006 Intel Corporation.
[   11.066674] e1000e: Intel(R) PRO/1000 Network Driver
[   11.067029] e1000e: Copyright(c) 1999 - 2015 Intel Corporation.
[   11.069447] igb: Intel(R) Gigabit Ethernet Network Driver
[   11.070054] igb: Copyright (c) 2007-2014 Intel Corporation.
[   11.071849] igbvf: Intel(R) Gigabit Virtual Function Network Driver
[   11.072273] igbvf: Copyright (c) 2009 - 2012 Intel Corporation.
[   11.081749] sky2: driver version 1.30
[   11.113682] VFIO - User Level meta-driver version: 0.3
[   11.169624] ehci_hcd: USB 2.0 'Enhanced' Host Controller (EHCI) Driver
[   11.170433] ehci-pci: EHCI PCI platform driver
[   11.172344] ehci-platform: EHCI generic platform driver
[   11.176094] ehci-orion: EHCI orion driver
[   11.179136] ehci-exynos: EHCI Exynos driver
[   11.181652] ohci_hcd: USB 1.1 'Open' Host Controller (OHCI) Driver
[   11.182876] ohci-pci: OHCI PCI platform driver
[   11.184776] ohci-platform: OHCI generic platform driver
[   11.188298] ohci-exynos: OHCI Exynos driver
[   11.205076] usbcore: registered new interface driver usb-storage
[   11.280065] rtc-efi rtc-efi.0: registered as rtc0
[   11.282760] rtc-efi rtc-efi.0: setting system clock to 2021-05-14T06:34:58 UTC (1620974098)
[   11.301499] i2c /dev entries driver
[   11.470853] sdhci: Secure Digital Host Controller Interface driver
[   11.471298] sdhci: Copyright(c) Pierre Ossman
[   11.486414] Synopsys Designware Multimedia Card Interface Driver
[   11.514132] sdhci-pltfm: SDHCI platform and OF driver helper
[   11.558846] ledtrig-cpu: registered to indicate activity on CPUs
[   11.582618] SMCCC: SOC_ID: ARCH_FEATURES(ARCH_SOC_ID) returned error: fffffffffffffffd
[   11.611848] usbcore: registered new interface driver usbhid
[   11.612258] usbhid: USB HID core driver
[   11.703305] optee: probing for conduit method.
[   11.704997] optee: revision 3.11 (c4def2a8)
[   11.717225] optee: dynamic shared memory is enabled
[   11.743740] optee: initialized driver
[   11.784447] NET: Registered protocol family 17
[   11.792468] 9pnet: Installing 9P2000 support
[   11.800928] Key type dns_resolver registered
[   11.809409] registered taskstats version 1
[   11.810226] Loading compiled-in X.509 certificates
[   11.851664] input: gpio-keys as /devices/platform/gpio-keys/input/input0
[   11.868045] ALSA device list:
[   11.868435]   No soundcards found.
[   11.880209] uart-pl011 9000000.pl011: no DMA platform data
[   12.185085] Freeing unused kernel memory: 18368K
[   12.187817] Run /init as init process
Starting syslogd: OK
Starting klogd: OK
Running sysctl: OK
Saving random seed: [   14.854618] random: dd: uninitialized urandom read (512 bytes read)
OK
Set permissions on /dev/tee*: OK
Set permissions on /dev/ion: OK
Create/set permissions on /data/tee: OK
Starting tee-supplicant: OK
Starting network: OK
Starting network (udhcpc): OK

Welcome to Buildroot, type root or test to login
buildroot login: root
# mkdir shared && mount -t 9p -o trans=virtio host shared && cd shared
# cp *.ta /lib/optee_armtz/
# ./hello_world
original value is 29
inc value is 129
dec value is 29
Success
# qemu-system-aarch64: terminating on signal 2
